
> react-kavia@0.1.0 start
> cross-env EDIT_MODE=true webpack serve --config .ve/webpack.config.js --mode development

<i> [webpack-dev-server] Project is running at:
<i> [webpack-dev-server] Loopback: http://localhost:3000/, http://[::1]:3000/
<i> [webpack-dev-server] On Your Network (IPv4): http://172.17.0.2:3000/
<i> [webpack-dev-server] Content not from webpack is served from './public' directory
Injecting EditorRootWrapper import: ../.ve/EditorRootWrapper
asset bundle.js 1.78 MiB [emitted] (name: main)
asset index.html 1.98 KiB [emitted]
runtime modules 27.5 KiB 14 modules
cacheable modules 1.61 MiB
  modules by path ./node_modules/ 1.51 MiB 33 modules
  modules by path ./src/ 94.3 KiB
    modules by path ./src/*.js 60.8 KiB 10 modules
    modules by path ./src/*.css 33.5 KiB
      ./src/index.css 2.23 KiB [built] [code generated]
      + 5 modules
  modules by path ./.ve/ 15.1 KiB
    modules by path ./.ve/*.js 10.6 KiB 2 modules
    modules by path ./.ve/*.css 2.93 KiB
      ./.ve/EditorOverlay.css 2.25 KiB [built] [code generated]
      ./node_modules/css-loader/dist/cjs.js!./.ve/EditorOverlay.css 697 bytes [built] [code generated]
    ./.ve/EditorOverlay.jsx 1.58 KiB [built] [code generated]
webpack 5.99.9 compiled successfully in 1622 ms
assets by status 1.98 KiB [cached] 1 asset
assets by path *.js 1.78 MiB
  asset bundle.js 1.78 MiB [emitted] (name: main)
  asset main.ebec30788fcb5510d76d.hot-update.js 6.87 KiB [emitted] [immutable] [hmr] (name: main)
asset main.ebec30788fcb5510d76d.hot-update.json 28 bytes [emitted] [immutable] [hmr]
Entrypoint main 1.78 MiB = bundle.js 1.78 MiB main.ebec30788fcb5510d76d.hot-update.js 6.87 KiB
cached modules 1.61 MiB [cached] 53 modules
runtime modules 27.5 KiB 14 modules
./src/App.js 3.36 KiB [built] [code generated]
webpack 5.99.9 compiled successfully in 118 ms
assets by status 1.98 KiB [cached] 1 asset
assets by path *.js 1.83 MiB
  asset bundle.js 1.78 MiB [emitted] (name: main)
  asset main.1510423621d65f504c2e.hot-update.js 49.1 KiB [emitted] [immutable] [hmr] (name: main)
asset main.1510423621d65f504c2e.hot-update.json 28 bytes [emitted] [immutable] [hmr]
Entrypoint main 1.83 MiB = bundle.js 1.78 MiB main.1510423621d65f504c2e.hot-update.js 49.1 KiB
cached modules 1.58 MiB [cached] 53 modules
runtime modules 27.5 KiB 14 modules
./src/SocialFeed.js 39.3 KiB [built] [code generated]
webpack 5.99.9 compiled successfully in 229 ms
assets by status 1.98 KiB [cached] 1 asset
assets by path *.js 1.83 MiB
  asset bundle.js 1.78 MiB [emitted] (name: main)
  asset main.d0d453472c5611d508ef.hot-update.js 49.2 KiB [emitted] [immutable] [hmr] (name: main)
asset main.d0d453472c5611d508ef.hot-update.json 28 bytes [emitted] [immutable] [hmr]
Entrypoint main 1.83 MiB = bundle.js 1.78 MiB main.d0d453472c5611d508ef.hot-update.js 49.2 KiB
cached modules 1.58 MiB [cached] 53 modules
runtime modules 27.5 KiB 14 modules
./src/SocialFeed.js 39.4 KiB [built] [code generated]
webpack 5.99.9 compiled successfully in 141 ms
